{"argv": ["cargo", "fmt", "--check"], "calling_role": "tester", "duration_seconds": 0.253, "exit_code": 1, "gate": "fmt", "guard_applied": false, "guard_satisfied": true, "passed": false, "timed_out": false, "timestamp": "2026-09-28T17:52:50.147490+00:00", "tool": "run_gate"}
{"argv": ["cargo", "clippy", "--release", "--all-targets", "--", "-D", "warnings"], "calling_role": "tester", "duration_seconds": 2.536, "exit_code": 0, "gate": "clippy", "guard_applied": true, "guard_satisfied": true, "passed": true, "timed_out": false, "timestamp": "2026-09-28T17:52:52.702376+00:00", "tool": "run_gate"}
{"argv": ["cargo", "test", "--workspace"], "calling_role": "tester", "duration_seconds": 6.22, "exit_code": 0, "gate": "test", "guard_applied": false, "guard_satisfied": true, "passed": true, "timed_out": false, "timestamp": "2026-09-28T17:52:58.929086+00:00", "tool": "run_gate"}
{"argv": ["cargo", "fmt", "--check"], "calling_role": "tester", "duration_seconds": 0.129, "exit_code": 1, "gate": "fmt", "guard_applied": false, "guard_satisfied": true, "passed": false, "timed_out": false, "timestamp": "2026-09-28T17:53:35.762267+00:00", "tool": "run_gate"}
{"argv": ["cargo", "clippy", "--release", "--all-targets", "--", "-D", "warnings"], "calling_role": "tester", "duration_seconds": 2.6, "exit_code": 0, "gate": "clippy", "guard_applied": true, "guard_satisfied": true, "passed": true, "timed_out": false, "timestamp": "2026-09-28T17:53:38.381009+00:00", "tool": "run_gate"}
{"argv": ["cargo", "test", "--workspace"], "calling_role": "tester", "duration_seconds": 6.224, "exit_code": 0, "gate": "test", "guard_applied": false, "guard_satisfied": true, "passed": true, "timed_out": false, "timestamp": "2026-09-28T17:53:44.614772+00:00", "tool": "run_gate"}
{"argv": ["cargo", "test", "--workspace"], "calling_role": "tester", "duration_seconds": 5.684, "exit_code": 0, "gate": "test", "guard_applied": false, "guard_satisfied": true, "passed": true, "timed_out": false, "timestamp": "2026-09-28T17:54:12.172969+00:00", "tool": "run_gate"}
{"argv": ["cargo", "clippy", "--release", "--all-targets", "--", "-D", "warnings"], "calling_role": "tester", "duration_seconds": 2.533, "exit_code": 0, "gate": "clippy", "guard_applied": true, "guard_satisfied": true, "passed": true, "timed_out": false, "timestamp": "2026-09-28T17:54:14.719689+00:00", "tool": "run_gate"}
{"argv": ["cargo", "fmt", "--check"], "calling_role": "tester", "duration_seconds": 0.124, "exit_code": 1, "gate": "fmt", "guard_applied": false, "guard_satisfied": true, "passed": false, "timed_out": false, "timestamp": "2026-09-28T17:54:14.903379+00:00", "tool": "run_gate"}
{"argv": ["cargo", "clippy", "--release", "--all-targets", "--", "-D", "warnings"], "calling_role": "unknown", "duration_seconds": 2.733, "exit_code": 0, "gate": "clippy", "guard_applied": true, "guard_satisfied": true, "passed": true, "timed_out": false, "timestamp": "2026-09-28T17:54:22.464846+00:00", "tool": "run_gate"}
{"argv": ["cargo", "fmt", "--check"], "calling_role": "unknown", "duration_seconds": 0.128, "exit_code": 1, "gate": "fmt", "guard_applied": false, "guard_satisfied": true, "passed": false, "timed_out": false, "timestamp": "2026-09-28T17:54:54.946527+00:00", "tool": "run_gate"}
{"argv": ["cargo", "fmt", "--check"], "calling_role": "tester", "duration_seconds": 0.124, "exit_code": 1, "gate": "fmt", "guard_applied": false, "guard_satisfied": true, "passed": false, "timed_out": false, "timestamp": "2026-09-28T17:54:55.087797+00:00", "tool": "run_gate"}
{"argv": ["cargo", "clippy", "--release", "--all-targets", "--", "-D", "warnings"], "calling_role": "tester", "duration_seconds": 2.528, "exit_code": 0, "gate": "clippy", "guard_applied": true, "guard_satisfied": true, "passed": true, "timed_out": false, "timestamp": "2026-09-28T17:54:57.635316+00:00", "tool": "run_gate"}
{"argv": ["cargo", "test", "--workspace"], "calling_role": "tester", "duration_seconds": 6.074, "exit_code": 0, "gate": "test", "guard_applied": false, "guard_satisfied": true, "passed": true, "timed_out": false, "timestamp": "2026-09-28T17:55:03.715810+00:00", "tool": "run_gate"}
{"argv": ["cargo", "fmt", "--check"], "calling_role": "unknown", "duration_seconds": 0.25, "exit_code": 1, "gate": "fmt", "guard_applied": false, "guard_satisfied": true, "passed": false, "timed_out": false, "timestamp": "2026-09-28T17:56:19.521267+00:00", "tool": "run_gate"}
{"argv": ["cargo", "fmt", "--check"], "calling_role": "tester", "duration_seconds": 0.249, "exit_code": 1, "gate": "fmt", "guard_applied": false, "guard_satisfied": true, "passed": false, "timed_out": false, "timestamp": "2026-09-28T17:56:19.802998+00:00", "tool": "run_gate"}
{"argv": ["cargo", "clippy", "--release", "--all-targets", "--", "-D", "warnings"], "calling_role": "tester", "duration_seconds": 2.992, "exit_code": 0, "gate": "clippy", "guard_applied": true, "guard_satisfied": true, "passed": true, "timed_out": false, "timestamp": "2026-09-28T17:56:22.825221+00:00", "tool": "run_gate"}
{"argv": ["cargo", "test", "--workspace"], "calling_role": "tester", "duration_seconds": 6.148, "exit_code": 0, "gate": "test", "guard_applied": false, "guard_satisfied": true, "passed": true, "timed_out": false, "timestamp": "2026-09-28T17:56:28.981124+00:00", "tool": "run_gate"}
{"argv": ["cargo", "clippy", "--release", "--all-targets", "--", "-D", "warnings"], "calling_role": "tester", "duration_seconds": 2.47, "exit_code": 0, "gate": "clippy", "guard_applied": true, "guard_satisfied": true, "passed": true, "timed_out": false, "timestamp": "2026-09-28T17:57:41.694707+00:00", "tool": "run_gate"}
{"argv": ["cargo", "test", "--workspace"], "calling_role": "tester", "duration_seconds": 6.068, "exit_code": 0, "gate": "test", "guard_applied": false, "guard_satisfied": true, "passed": true, "timed_out": false, "timestamp": "2026-09-28T17:57:47.772244+00:00", "tool": "run_gate"}
{"argv": ["cargo", "fmt", "--check"], "calling_role": "tester", "duration_seconds": 0.251, "exit_code": 1, "gate": "fmt", "guard_applied": false, "guard_satisfied": true, "passed": false, "timed_out": false, "timestamp": "2026-09-28T17:59:51.464990+00:00", "tool": "run_gate"}
{"argv": ["cargo", "clippy", "--release", "--all-targets", "--", "-D", "warnings"], "calling_role": "tester", "duration_seconds": 4.013, "exit_code": 0, "gate": "clippy", "guard_applied": true, "guard_satisfied": true, "passed": true, "timed_out": false, "timestamp": "2026-09-28T18:00:06.617830+00:00", "tool": "run_gate"}
{"argv": ["cargo", "test", "--workspace"], "calling_role": "tester", "duration_seconds": 6.851, "exit_code": 0, "gate": "test", "guard_applied": false, "guard_satisfied": true, "passed": true, "timed_out": false, "timestamp": "2026-09-28T18:00:23.849908+00:00", "tool": "run_gate"}
{"argv": ["cargo", "clippy", "--release", "--all-targets", "--", "-D", "warnings"], "calling_role": "tester", "duration_seconds": 2.945, "exit_code": 0, "gate": "clippy", "guard_applied": true, "guard_satisfied": true, "passed": true, "timed_out": false, "timestamp": "2026-09-28T18:07:20.649277+00:00", "tool": "run_gate"}
{"argv": ["cargo", "test", "--workspace"], "calling_role": "tester", "duration_seconds": 6.088, "exit_code": 0, "gate": "test", "guard_applied": false, "guard_satisfied": true, "passed": true, "timed_out": false, "timestamp": "2026-09-28T18:07:30.484780+00:00", "tool": "run_gate"}
{"argv": ["cargo", "test", "--workspace"], "calling_role": "ci", "duration_seconds": 7.179, "exit_code": 0, "gate": "test", "guard_applied": false, "guard_satisfied": true, "passed": true, "timed_out": false, "timestamp": "2026-09-29T14:28:58.302404+00:00", "tool": "run_gate"}
{"argv": ["cargo", "clippy", "--release", "--all-targets", "--", "-D", "warnings"], "calling_role": "ci", "duration_seconds": 2.837, "exit_code": 0, "gate": "clippy", "guard_applied": true, "guard_satisfied": true, "passed": true, "timed_out": false, "timestamp": "2026-09-29T14:29:01.141596+00:00", "tool": "run_gate"}
{"argv": ["cargo", "fmt", "--check"], "calling_role": "ci", "duration_seconds": 0.125, "exit_code": 1, "gate": "fmt", "guard_applied": false, "guard_satisfied": true, "passed": false, "timed_out": false, "timestamp": "2026-09-29T14:29:01.268787+00:00", "tool": "run_gate"}
{"argv": ["cargo", "test", "--workspace"], "calling_role": "ci", "duration_seconds": 6.16, "exit_code": 0, "gate": "test", "guard_applied": false, "guard_satisfied": true, "passed": true, "timed_out": false, "timestamp": "2026-09-29T14:29:08.462112+00:00", "tool": "run_gate"}
{"argv": ["cargo", "clippy", "--release", "--all-targets", "--", "-D", "warnings"], "calling_role": "ci", "duration_seconds": 2.536, "exit_code": 0, "gate": "clippy", "guard_applied": true, "guard_satisfied": true, "passed": true, "timed_out": false, "timestamp": "2026-09-29T14:29:11.000361+00:00", "tool": "run_gate"}
{"argv": ["cargo", "fmt", "--check"], "calling_role": "ci", "duration_seconds": 0.124, "exit_code": 1, "gate": "fmt", "guard_applied": false, "guard_satisfied": true, "passed": false, "timed_out": false, "timestamp": "2026-09-29T14:29:11.125813+00:00", "tool": "run_gate"}
{"argv": ["cargo", "test", "--workspace"], "calling_role": "ci", "duration_seconds": 6.057, "exit_code": 0, "gate": "test", "guard_applied": false, "guard_satisfied": true, "passed": true, "timed_out": false, "timestamp": "2026-09-29T14:29:18.229815+00:00", "tool": "run_gate"}
{"argv": ["cargo", "clippy", "--release", "--all-targets", "--", "-D", "warnings"], "calling_role": "ci", "duration_seconds": 2.423, "exit_code": 0, "gate": "clippy", "guard_applied": true, "guard_satisfied": true, "passed": true, "timed_out": false, "timestamp": "2026-09-29T14:29:20.657534+00:00", "tool": "run_gate"}
{"argv": ["cargo", "fmt", "--check"], "calling_role": "ci", "duration_seconds": 0.122, "exit_code": 1, "gate": "fmt", "guard_applied": false, "guard_satisfied": true, "passed": false, "timed_out": false, "timestamp": "2026-09-29T14:29:20.783698+00:00", "tool": "run_gate"}
{"argv": ["cargo", "fmt", "--check"], "calling_role": "unknown", "duration_seconds": 0.127, "exit_code": 1, "gate": "fmt", "guard_applied": false, "guard_satisfied": true, "passed": false, "timed_out": false, "timestamp": "2026-09-29T15:42:16.731253+00:00", "tool": "run_gate"}
{"argv": ["cargo", "fmt", "--check"], "calling_role": "tester", "duration_seconds": 0.123, "exit_code": 1, "gate": "fmt", "guard_applied": false, "guard_satisfied": true, "passed": false, "timed_out": false, "timestamp": "2026-09-29T15:42:16.871648+00:00", "tool": "run_gate"}
{"argv": ["cargo", "clippy", "--release", "--all-targets", "--", "-D", "warnings"], "calling_role": "tester", "duration_seconds": 2.558, "exit_code": 0, "gate": "clippy", "guard_applied": true, "guard_satisfied": true, "passed": true, "timed_out": false, "timestamp": "2026-09-29T15:42:19.446746+00:00", "tool": "run_gate"}
{"argv": ["cargo", "test", "--workspace"], "calling_role": "tester", "duration_seconds": 6.257, "exit_code": 0, "gate": "test", "guard_applied": false, "guard_satisfied": true, "passed": true, "timed_out": false, "timestamp": "2026-09-29T15:42:25.712088+00:00", "tool": "run_gate"}
{"argv": ["cargo", "fmt", "--check"], "calling_role": "unknown", "duration_seconds": 0.125, "exit_code": 1, "gate": "fmt", "guard_applied": false, "guard_satisfied": true, "passed": false, "timed_out": false, "timestamp": "2026-09-29T15:42:28.902437+00:00", "tool": "run_gate"}
{"argv": ["cargo", "fmt", "--check"], "calling_role": "tester", "duration_seconds": 0.122, "exit_code": 1, "gate": "fmt", "guard_applied": false, "guard_satisfied": true, "passed": false, "timed_out": false, "timestamp": "2026-09-29T15:42:29.041239+00:00", "tool": "run_gate"}
{"argv": ["cargo", "clippy", "--release", "--all-targets", "--", "-D", "warnings"], "calling_role": "tester", "duration_seconds": 2.494, "exit_code": 0, "gate": "clippy", "guard_applied": true, "guard_satisfied": true, "passed": true, "timed_out": false, "timestamp": "2026-09-29T15:42:31.552324+00:00", "tool": "run_gate"}
{"argv": ["cargo", "test", "--workspace"], "calling_role": "tester", "duration_seconds": 6.108, "exit_code": 0, "gate": "test", "guard_applied": false, "guard_satisfied": true, "passed": true, "timed_out": false, "timestamp": "2026-09-29T15:42:37.667409+00:00", "tool": "run_gate"}
{"argv": ["cargo", "fmt", "--check"], "calling_role": "unknown", "duration_seconds": 0.127, "exit_code": 1, "gate": "fmt", "guard_applied": false, "guard_satisfied": true, "passed": false, "timed_out": false, "timestamp": "2026-09-29T15:42:40.840669+00:00", "tool": "run_gate"}
{"argv": ["cargo", "fmt", "--check"], "calling_role": "tester", "duration_seconds": 0.141, "exit_code": 1, "gate": "fmt", "guard_applied": false, "guard_satisfied": true, "passed": false, "timed_out": false, "timestamp": "2026-09-29T15:42:41.000695+00:00", "tool": "run_gate"}
{"argv": ["cargo", "clippy", "--release", "--all-targets", "--", "-D", "warnings"], "calling_role": "tester", "duration_seconds": 2.472, "exit_code": 0, "gate": "clippy", "guard_applied": true, "guard_satisfied": true, "passed": true, "timed_out": false, "timestamp": "2026-09-29T15:42:43.493976+00:00", "tool": "run_gate"}
{"argv": ["cargo", "test", "--workspace"], "calling_role": "tester", "duration_seconds": 6.117, "exit_code": 0, "gate": "test", "guard_applied": false, "guard_satisfied": true, "passed": true, "timed_out": false, "timestamp": "2026-09-29T15:42:49.629287+00:00", "tool": "run_gate"}
{"argv": ["cargo", "fmt", "--check"], "calling_role": "unknown", "duration_seconds": 0.123, "exit_code": 1, "gate": "fmt", "guard_applied": false, "guard_satisfied": true, "passed": false, "timed_out": false, "timestamp": "2026-09-29T15:43:47.159918+00:00", "tool": "run_gate"}
{"argv": ["cargo", "fmt", "--check"], "calling_role": "tester", "duration_seconds": 0.123, "exit_code": 1, "gate": "fmt", "guard_applied": false, "guard_satisfied": true, "passed": false, "timed_out": false, "timestamp": "2026-09-29T15:43:47.301761+00:00", "tool": "run_gate"}
{"argv": ["cargo", "clippy", "--release", "--all-targets", "--", "-D", "warnings"], "calling_role": "tester", "duration_seconds": 2.502, "exit_code": 0, "gate": "clippy", "guard_applied": true, "guard_satisfied": true, "passed": true, "timed_out": false, "timestamp": "2026-09-29T15:43:49.821770+00:00", "tool": "run_gate"}
{"argv": ["cargo", "test", "--workspace"], "calling_role": "tester", "duration_seconds": 6.166, "exit_code": 0, "gate": "test", "guard_applied": false, "guard_satisfied": true, "passed": true, "timed_out": false, "timestamp": "2026-09-29T15:43:55.997995+00:00", "tool": "run_gate"}
{"argv": ["cargo", "fmt", "--check"], "calling_role": "unknown", "duration_seconds": 0.25, "exit_code": 1, "gate": "fmt", "guard_applied": false, "guard_satisfied": true, "passed": false, "timed_out": false, "timestamp": "2026-09-29T15:46:55.667994+00:00", "tool": "run_gate"}
{"argv": ["cargo", "fmt", "--check"], "calling_role": "tester", "duration_seconds": 0.253, "exit_code": 1, "gate": "fmt", "guard_applied": false, "guard_satisfied": true, "passed": false, "timed_out": false, "timestamp": "2026-09-29T15:46:55.953765+00:00", "tool": "run_gate"}
{"argv": ["cargo", "clippy", "--release", "--all-targets", "--", "-D", "warnings"], "calling_role": "tester", "duration_seconds": 2.796, "exit_code": 0, "gate": "clippy", "guard_applied": true, "guard_satisfied": true, "passed": true, "timed_out": false, "timestamp": "2026-09-29T15:46:58.776351+00:00", "tool": "run_gate"}
{"argv": ["cargo", "test", "--workspace"], "calling_role": "tester", "duration_seconds": 6.347, "exit_code": 0, "gate": "test", "guard_applied": false, "guard_satisfied": true, "passed": true, "timed_out": false, "timestamp": "2026-09-29T15:47:05.132609+00:00", "tool": "run_gate"}
